// Jest Snapshot v1, https://goo.gl/fbAQLP

exports[`PrimeraApp debe mostrar <PrimeraApp /> correctamente 1`] = `
<Fragment>
  <h1>
    Hola, soy Kenji
  </h1>
  <p>
    Proyecto básico de React.
  </p>
</Fragment>
`;

exports[`PrimeraApp debe mostrar el subtitulo enviado por props 1`] = `
<Fragment>
  <h1>
    Hola, soy Kenji
  </h1>
  <p>
    Proyecto básico de React.
  </p>
</Fragment>
`;
